LAYER
    name            tindex.ch.blw.erk2.erosz
    TYPE            POLYGON
    STATUS          OFF
    CONNECTIONTYPE  POSTGIS
    PROCESSING      "CLOSE_CONNECTION=DEFER"
    CONNECTION      "host=localhost port=5432 dbname='gis' user='mapserv' password='mapmap'"
    DATA            "wkb_geometry from tindex.ch_blw_erk2_erosz using unique ogc_fid using srid=21781"
END

LAYER
    NAME            ch.blw.feldblockkarte.cropland
    #GROUP           "ch.blw"
    TYPE            POLYGON
    STATUS          OFF
    CONNECTIONTYPE  POSTGIS
    PROCESSING "CLOSE_CONNECTION=DEFER"
    CONNECTION "host=localhost port=5432 dbname='gis' user='mapserv' password='mapmap'"
    DATA "geom from vector.blw_feldblockkarte_besofr_cropland using srid=21781"
    METADATA
        "ows_title"                 "ch.blw.feldblockkarte.cropland"
        "ows_label"                 "ch.blw.feldblockkarte.cropland"
        "ows_extent"                "480000 74000  838750 296000"
        "ows_resolution"            "2 2"
    "ows_enable_request"        "*"
        "wms_layer_group"           "/ch.blw.erk2"    #alternative to #GROUP
        "wcs_rangeset_nullvalue"    "-9999"
        'wfs_namespace_prefix' 'tows'
        'wfs_namespace_uri' 'http://www.tinyows.org/'
        'wfs_srs' 'EPSG:21781'
    'tinyows_schema'  'vector'
    'tinyows_table'  'blw_feldblockkarte_besofr_cropland'
        'tinyows_writable' '0'
        'tinyows_retrievable' '1'
    END
    CLASS
        #expression ("[FIPS]" = "EZ")
            style
                color 255 0 0
            end
    END
    DUMP TRUE
END

LAYER
    NAME        "ch.blw.erk2.erosz"
    #GROUP       "ch.blw"
    TYPE        RASTER
    STATUS      ON
    TEMPLATE    "default"
    METADATA
        "ows_title"                 "ch.blw.erk2.erosz"
        "ows_label"                 "ch.blw.erk2.erosz"
        "wms_layer_group"           "/ch.blw.erk2"    #alternative to #GROUP
        #"wms_group_title"       "ERK2"     #alternative to #GROUP
        "ows_resolution"            "2 2"
        "ows_extent"                "480000 74000 838750 296000"
    "ows_enable_request"        "*"
        "wcs_rangeset_nullvalue"    "-9999"
        "wcs_formats"               "GEOTIFF_FLOAT32"
        "gml_include_items"         "value_0"
        #"wms_style"                 "erosz"
        #"wms_style_erosz_legendurl_format"  "png"
        #"wms_style_erosz_legendurl_height"  "214"
        #"wms_style_erosz_legendurl_width"   "104"
        #"wms_style_erosz_legendurl_href"    "ch.blw.erosion-quantitativ_de_legend.png"
    END
    TILEINDEX   "tindex.ch.blw.erk2.erosz"
    CLASS
        EXPRESSION ([pixel] <= 20)
        STYLE
        COLOR 0 102 0
        END
    END
    CLASS
        EXPRESSION ([pixel] > 20 AND [pixel] <= 30)
        STYLE
        COLOR 51 153 0
        END
    END
    CLASS
        EXPRESSION ([pixel] > 30 AND [pixel] <= 40)
        STYLE
        COLOR 204 255 0
        END
    END

    CLASS
        EXPRESSION ([pixel] > 40 AND [pixel] <= 55)
        STYLE
        COLOR 255 255 0
        END
    END
    CLASS
        EXPRESSION ([pixel] > 55 AND [pixel] <= 100)
        STYLE
        COLOR 255 102 0
        END
    END
    CLASS
        EXPRESSION ([pixel] > 100 AND [pixel] <= 150)
        STYLE
        COLOR 255 0 0
        END
    END
    CLASS
        EXPRESSION ([pixel] > 150 AND [pixel] <= 250)
        STYLE
        COLOR 204 0 0
        END
    END
    CLASS
        EXPRESSION ([pixel] > 250 AND [pixel] <= 500)
        STYLE
        COLOR 153 0 0
        END
    END
    CLASS
        EXPRESSION ([pixel] > 500)
        STYLE
        COLOR 102 0 0
        END
    END
END

LAYER
    NAME        "ch.blw.erk2.erosz_cropland"
    #GROUP       "ch.blw"
    TYPE        RASTER
    STATUS      ON
    TILEINDEX   "tindex.ch.blw.erk2.erosz"
    TEMPLATE    "default"
    METADATA
        "ows_title"                 "ch.blw.erk2.erosz_cropland"
        "ows_label"                 "ch.blw.erk2.erosz_cropland"
        "ows_extent"                "480000 74000 838750 296000"
        "ows_resolution"            "2 2"
    "ows_enable_request"        "*"
        "wms_layer_group"           "/ch.blw.erk2"    #alternative to #GROUP
        "wcs_formats"               "GEOTIFF_FLOAT32"
        "wcs_rangeset_nullvalue"    "-9999"
    END
    MASK    "ch.blw.feldblockkarte.cropland"
    CLASS
        EXPRESSION ([pixel] <= 20)
        STYLE
        COLOR 0 102 0
        END
    END
    CLASS
        EXPRESSION ([pixel] > 20 AND [pixel] <= 30)
        STYLE
        COLOR 51 153 0
        END
    END
    CLASS
        EXPRESSION ([pixel] > 30 AND [pixel] <= 40)
        STYLE
        COLOR 204 255 0
        END
    END

    CLASS
        EXPRESSION ([pixel] > 40 AND [pixel] <= 55)
        STYLE
        COLOR 255 255 0
        END
    END
    CLASS
        EXPRESSION ([pixel] > 55 AND [pixel] <= 100)
        STYLE
        COLOR 255 102 0
        END
    END
    CLASS
        EXPRESSION ([pixel] > 100 AND [pixel] <= 150)
        STYLE
        COLOR 255 0 0
        END
    END
    CLASS
        EXPRESSION ([pixel] > 150 AND [pixel] <= 250)
        STYLE
        COLOR 204 0 0
        END
    END
    CLASS
        EXPRESSION ([pixel] > 250 AND [pixel] <= 500)
        STYLE
        COLOR 153 0 0
        END
    END
    CLASS
        EXPRESSION ([pixel] > 500)
        STYLE
        COLOR 102 0 0
        END
    END
END

LAYER
    name tindex.ch.blw.erk2.r
    TYPE polygon
    STATUS OFF
    CONNECTIONTYPE POSTGIS
    PROCESSING "CLOSE_CONNECTION=DEFER"
    CONNECTION "host=localhost port=5432 dbname='gis' user='mapserv' password='mapmap'"
    DATA "wkb_geometry from tindex.ch_blw_erk2_r using unique ogc_fid using srid=21781"
END
LAYER
    NAME            "ch.blw.erk2.r"
    #GROUP           "ch.blw"
    TYPE            RASTER
    STATUS          ON
    TILEINDEX       "tindex.ch.blw.erk2.r"
    TEMPLATE        "default"
    METADATA
        "ows_title"                 "ch.blw.erk2.r"
        "ows_label"                 "ch.blw.erk2.r"
        "ows_extent"                "480000 74000 838750 296000"
        "ows_resolution"            "2 2"
    "ows_enable_request"        "*"
        "wms_layer_group"           "/ch.blw.erk2"    #alternative to #GROUP
        "wcs_formats"               "GEOTIFF_FLOAT32"
        "wcs_rangeset_nullvalue"    "-9999"
    END
END

LAYER
    name            tindex.ch.blw.erk2.k
    TYPE            POLYGON
    STATUS          OFF
    CONNECTIONTYPE  POSTGIS
    PROCESSING      "CLOSE_CONNECTION=DEFER"
    CONNECTION      "host=localhost port=5432 dbname='gis' user='mapserv' password='mapmap'"
    DATA            "wkb_geometry from tindex.ch_blw_erk2_k using unique ogc_fid using srid=21781"
END
LAYER
    NAME            "ch.blw.erk2.k"
    #GROUP           "ch.blw"
    TYPE            RASTER
    STATUS          ON
    TILEINDEX       "tindex.ch.blw.erk2.k"
    TEMPLATE        "default"
    METADATA
        "ows_title"                 "ch.blw.erk2.k"
        "ows_label"                 "ch.blw.erk2.k"
        "ows_extent"                "480000 74000 838750 296000"
        "ows_resolution"            "2 2"
    "ows_enable_request"        "*"
        "wms_layer_group"           "/ch.blw.erk2"    #alternative to #GROUP
        "wcs_formats"               "GEOTIFF_FLOAT32"
        "wcs_rangeset_nullvalue"    "-9999"
    END
END #Layer
